{"logTime": "0915/185832", "correlationVector":"jm5jWJCOQou/2ALu0cSuwq.1","action":"SyncServerConnectionManagerRequest", "result":"SYNC_SERVER_OK", "context":{"environment":"Prod_southindia_prod-s01-004-apac-southindia", "migrationStage":"NotStarted", "server":"akswtt107000042"}}
{"logTime": "0915/185832", "correlationVector":"jm5jWJCOQou/2ALu0cSuwq.2","action":"ProcessGetUpdates", "result":"Done", "context":{"dataType":"Encryption Keys", "deleted":"0", "process_failed_to_decrypt":"0", "process_pending_decryption":"0", "process_success":"1", "total":"1"}}
{"logTime": "0915/185832", "correlationVector":"jLFoH/q6/XDBTHEewPfGVb","action":"SyncServerConnectionManagerRequest", "result":"SYNC_SERVER_OK", "context":{"environment":"", "migrationStage":"", "server":""}}
{"logTime": "0915/185832", "correlationVector":"jLFoH/q6/XDBTHEewPfGVb.0","action":"EncryptionKeysFetcher.DownloadKeys:", "result":"Success", "context":Key count: 1, Last key timestamp: 2026-08-29T17:40:48Z}
{"logTime": "0915/185832", "correlationVector":"jLFoH/q6/XDBTHEewPfGVb.1","action":"EncryptionKeysManager::SetEncryptionKeys:", "result":"Success", "context":Key names[1]:[cVPq5RqTh2/QXwwfdXxx+oNBsXShWf1rDJvHouL9PnYW3wNEM7CmhXDt1j6aPne7KpXjO0uP5o54x0O2g4bzEg==]}
{"logTime": "0915/185832", "correlationVector":"jLFoH/q6/XDBTHEewPfGVb.2","action":"EncryptionKeysManager::SetEncryptionKeysWithTimestamps:", "result":"Success", "context":Key timestamps[1]:[2026-08-29T17:40:48Z]}
{"logTime": "0915/185832", "correlationVector":"jm5jWJCOQou/2ALu0cSuwq","action":"Initial GetUpdates", "result":"", "context":Reason: NEW_CLIENT. cV=jm5jWJCOQou/2ALu0cSuwq}
{"logTime": "0915/185832", "correlationVector":"jm5jWJCOQou/2ALu0cSuwq.3","action":"GetUpdates Response", "result":"Success", "context":Received 1 update(s). cV=jm5jWJCOQou/2ALu0cSuwq.0;server=akswtt107000042;cloudType=Consumer;environment=Prod_southindia_prod-s01-004-apac-southindia;migrationStage=NotStarted}
{"logTime": "0915/185832", "correlationVector":"vvWgj8uWzXikBwM9hiF6xv","action":"Initial GetUpdates", "result":"", "context":Reason: NEWLY_SUPPORTED_DATATYPE. cV=vvWgj8uWzXikBwM9hiF6xv}
{"logTime": "0915/185833", "correlationVector":"vvWgj8uWzXikBwM9hiF6xv.1","action":"SyncServerConnectionManagerRequest", "result":"SYNC_SERVER_OK", "context":{"environment":"Prod_southindia_prod-s01-004-apac-southindia", "migrationStage":"NotStarted", "server":"akswtt1070000bi"}}
{"logTime": "0915/185833", "correlationVector":"vvWgj8uWzXikBwM9hiF6xv.2","action":"ProcessGetUpdates", "result":"Done", "context":{"dataType":"Device Info", "deleted":"0", "process_failed_to_decrypt":"0", "process_pending_decryption":"0", "process_success":"25", "total":"25"}}
{"logTime": "0915/185833", "correlationVector":"vvWgj8uWzXikBwM9hiF6xv.3","action":"GetUpdates Response", "result":"Success", "context":Received 25 update(s). cV=vvWgj8uWzXikBwM9hiF6xv.0;server=akswtt1070000bi;cloudType=Consumer;environment=Prod_southindia_prod-s01-004-apac-southindia;migrationStage=NotStarted}
{"logTime": "0915/185833", "correlationVector":"OqwFxaJt32Cj5jISyxHXMw","action":"Initial GetUpdates", "result":"", "context":Reason: NEWLY_SUPPORTED_DATATYPE. cV=OqwFxaJt32Cj5jISyxHXMw}
{"logTime": "0915/185833", "correlationVector":"OqwFxaJt32Cj5jISyxHXMw.1","action":"SyncServerConnectionManagerRequest", "result":"SYNC_SERVER_OK", "context":{"environment":"Prod_southindia_prod-s01-004-apac-southindia", "migrationStage":"NotStarted", "server":"akswtt107000045"}}
{"logTime": "0915/185833", "correlationVector":"OqwFxaJt32Cj5jISyxHXMw.2","action":"ProcessGetUpdates", "result":"Done", "context":{"dataType":"Extensions", "deleted":"0", "process_failed_to_decrypt":"0", "process_pending_decryption":"0", "process_success":"5", "total":"5"}}
{"logTime": "0915/185833", "correlationVector":"OqwFxaJt32Cj5jISyxHXMw.3","action":"ProcessGetUpdates", "result":"Done", "context":{"dataType":"Extension settings", "deleted":"0", "process_failed_to_decrypt":"0", "process_pending_decryption":"0", "process_success":"8", "total":"8"}}
{"logTime": "0915/185833", "correlationVector":"OqwFxaJt32Cj5jISyxHXMw.4","action":"GetUpdates Response", "result":"Success", "context":Received 13 update(s). cV=OqwFxaJt32Cj5jISyxHXMw.0;server=akswtt107000045;cloudType=Consumer;environment=Prod_southindia_prod-s01-004-apac-southindia;migrationStage=NotStarted}
{"logTime": "0915/185833", "correlationVector":"85WfxgkaPocTTf+4hK15n8","action":"Normal GetUpdate request", "result":"", "context":cV=85WfxgkaPocTTf+4hK15n8
Nudged types: Device Info
Refresh requested types: Extensions, Extension settings, Device Info, User Consents, Send Tab To Self, Web Apps, Encryption Keys}
{"logTime": "0915/185833", "correlationVector":"85WfxgkaPocTTf+4hK15n8.1","action":"SyncServerConnectionManagerRequest", "result":"SYNC_SERVER_OK", "context":{"environment":"Prod_southindia_prod-s01-004-apac-southindia", "migrationStage":"NotStarted", "server":"akswtt10700006k"}}
{"logTime": "0915/185833", "correlationVector":"85WfxgkaPocTTf+4hK15n8.2","action":"GetUpdates Response", "result":"Success", "context":Received 0 update(s). cV=85WfxgkaPocTTf+4hK15n8.0;server=akswtt10700006k;cloudType=Consumer;environment=Prod_southindia_prod-s01-004-apac-southindia;migrationStage=NotStarted}
{"logTime": "0915/185833", "correlationVector":"LUougV6jHshxR7SwZsXcCq","action":"DoCompareDataConsistency requsted types: ", "result":"Extensions, Extension settings, Send Tab To Self, Web Apps, Encryption Keys"}
{"logTime": "0915/185833", "correlationVector":"LUougV6jHshxR7SwZsXcCq.0","action":"CompareDataConsistency result: ", "result":"Compare result: Encryption Keys is consistent. local entities count is: 1 local entities hash is: bE0WwzcMKolOKkQdIhrjQ2Fu3+8="}
{"logTime": "0915/185833", "correlationVector":"LUougV6jHshxR7SwZsXcCq.1","action":"CompareDataConsistency result: ", "result":"Compare result: Extensions is consistent. local entities count is: 5 local entities hash is: qdm5IPLUeJ2fK1FYLWA8SXVNYJw="}
{"logTime": "0915/185833", "correlationVector":"LUougV6jHshxR7SwZsXcCq.2","action":"CompareDataConsistency result: ", "result":"Compare result: Extension settings is consistent. local entities count is: 8 local entities hash is: fYpy27N+aCd0YFpS2dmd8TIWNKY="}
{"logTime": "0915/185833", "correlationVector":"LUougV6jHshxR7SwZsXcCq.3","action":"CompareDataConsistency result: ", "result":"Server did not send this Send Tab To Self local entities count is: 0 local entities hash is: "}
{"logTime": "0915/185833", "correlationVector":"LUougV6jHshxR7SwZsXcCq.4","action":"CompareDataConsistency result: ", "result":"Compare result: Web Apps is consistent. local entities count is: 0 local entities hash is: "}
{"logTime": "0915/185833", "correlationVector":"sck7JF3ZMmDCkb9nnPaLPW","action":"Commit Request", "result":"", "context":Item count: 1
Contributing types: Device Info}
{"logTime": "0915/185834", "correlationVector":"sck7JF3ZMmDCkb9nnPaLPW.1","action":"SyncServerConnectionManagerRequest", "result":"SYNC_SERVER_OK", "context":{"environment":"Prod_southindia_prod-s01-004-apac-southindia", "migrationStage":"NotStarted", "server":"akswtt107000042"}}
{"logTime": "0915/185834", "correlationVector":"sck7JF3ZMmDCkb9nnPaLPW.2","action":"Commit Response", "result":"Success", "context":Result: Success. cV=sck7JF3ZMmDCkb9nnPaLPW.0;server=akswtt107000042;cloudType=Consumer;environment=Prod_southindia_prod-s01-004-apac-southindia;migrationStage=NotStarted}
{"logTime": "0915/185834", "correlationVector":"","action":"DIAGNOSTIC_REQUEST|v1/diagnosticData/Diagnostic.SendCheckResult()|SUCCESS", "result":""}
