2026-09-15 18:58:31.901: [INFO][Sync] SyncState after authenticated was: FeatureNotSetup
2026-09-15 18:58:31.981: [INFO][Sync] Try to start sync engine
2026-09-15 18:58:31.982: [INFO][SyncManagerImpl::NudgeForInitialDownload] Initial download nudge for Encryption Keys
2026-09-15 18:58:31.982: [INFO][SyncEngineBackend::LoadAndConnectNigoriController] Load and connect Nigori controller
2026-09-15 18:58:31.982: [INFO][SyncEngineBackend::DoInitialize] Control Types added: Encryption Keys
2026-09-15 18:58:31.982: [INFO][SyncManagerImpl::ConfigureSyncer] Types to download: Encryption Keys with reason: 3
2026-09-15 18:58:31.982: [INFO][SyncSchedulerImpl::DoConfigurationSyncCycleJob] Configure job was blocked
2026-09-15 18:58:32.060: [INFO][SyncAuthManager::SetLastAuthError] Current auth error: None
2026-09-15 18:58:32.060: [INFO][SyncAuthManager::EdgeLogTokenErrorState] Token error with: None for account type: MSA
2026-09-15 18:58:32.060: [INFO][Sync] Credentials changed for: EdgeSyncScopeNew
2026-09-15 18:58:32.093: [INFO][SyncAuthManager::SetLastAuthError] Current auth error: None
2026-09-15 18:58:32.093: [INFO][SyncAuthManager::EdgeLogTokenErrorState] Token error with: None for account type: MSA
2026-09-15 18:58:32.093: [INFO][Sync] Credentials changed for: EdgeSyncKeyDataScope
2026-09-15 18:58:32.093: [INFO][SyncEngineBackend::DoUpdateKeyDataCredentials] Update key data credentials
2026-09-15 18:58:32.093: [INFO][SyncEngineBackend::DoUpdateCredentials] Update credentials
2026-09-15 18:58:32.093: [INFO][SyncSchedulerImpl::DoConfigurationSyncCycleJob] Blocked types:  and types to download: Encryption Keys
2026-09-15 18:58:32.312: [INFO][Sync] Started DataTypeManager configuration, reason: 4
2026-09-15 18:58:32.312: [INFO][Sync] Configuring for: Extensions, Extension settings, Device Info, User Consents, Send Tab To Self, Web Apps, Encryption Keys, reason: 3, current state: 0
2026-09-15 18:58:32.312: [WARN][Sync] Crypto error data types: 
2026-09-15 18:58:32.312: [INFO][Sync] Configure, desired: Extensions, Extension settings, Device Info, User Consents, Send Tab To Self, Web Apps, Encryption Keys; Allow fail: 
2026-09-15 18:58:32.312: [INFO][Sync] Loading: Extensions
2026-09-15 18:58:32.312: [INFO][Sync] Loading: Extension settings
2026-09-15 18:58:32.313: [INFO][Sync] Loading: Device Info
2026-09-15 18:58:32.313: [INFO][Sync] Loading: User Consents
2026-09-15 18:58:32.313: [INFO][Sync] Loading: Send Tab To Self
2026-09-15 18:58:32.313: [INFO][Sync] Loading: Web Apps
2026-09-15 18:58:32.323: [INFO][Sync] All data types are ready for configure.
2026-09-15 18:58:32.816: [INFO][SyncEngineBackend::DoStartConfiguration] Start configuration
2026-09-15 18:58:32.816: [INFO][SyncManagerImpl::NudgeForInitialDownload] Initial download nudge for Extensions
2026-09-15 18:58:32.816: [INFO][SyncManagerImpl::NudgeForInitialDownload] Initial download nudge for Extension settings
2026-09-15 18:58:32.816: [INFO][SyncManagerImpl::NudgeForInitialDownload] Initial download nudge for Device Info
2026-09-15 18:58:32.816: [INFO][SyncManagerImpl::NudgeForInitialDownload] Initial download nudge for Send Tab To Self
2026-09-15 18:58:32.816: [INFO][SyncManagerImpl::NudgeForInitialDownload] Initial download nudge for Web Apps
2026-09-15 18:58:32.816: [INFO][SyncManagerImpl::ConfigureSyncer] Types to download:  with reason: 3
2026-09-15 18:58:32.816: [INFO][SyncEngineBackend::DoFinishConfigureDataTypes] Failed to download types:  and succeeded types: 
2026-09-15 18:58:32.816: [INFO][Sync] Started DataTypeManager configuration, reason: 5
2026-09-15 18:58:32.816: [INFO][Sync] Configuring for: Extensions, Extension settings, Device Info, User Consents, Send Tab To Self, Web Apps, Encryption Keys, reason: 5, current state: 1
2026-09-15 18:58:32.817: [INFO][Sync] ConfigurationDone, failed: , succeeded: , remaining count: 2
2026-09-15 18:58:32.817: [WARN][Sync]     Reconfigure requested while configuration ongoing.
2026-09-15 18:58:32.817: [INFO][Sync] Configuring for: Extensions, Extension settings, Device Info, User Consents, Send Tab To Self, Web Apps, Encryption Keys, reason: 5, current state: 2
2026-09-15 18:58:32.818: [INFO][Sync] Configure, desired: Extensions, Extension settings, Device Info, User Consents, Send Tab To Self, Web Apps, Encryption Keys; Allow fail: 
2026-09-15 18:58:32.818: [INFO][Sync] All data types are ready for configure.
2026-09-15 18:58:32.818: [INFO][SyncManagerImpl::ConfigureSyncer] Types to download:  with reason: 5
2026-09-15 18:58:32.818: [INFO][SyncEngineBackend::DoFinishConfigureDataTypes] Failed to download types:  and succeeded types: 
2026-09-15 18:58:32.819: [INFO][Sync] ConfigurationDone, failed: , succeeded: , remaining count: 2
2026-09-15 18:58:32.819: [INFO][Sync] Prepare to configure types: Device Info, Encryption Keys
2026-09-15 18:58:32.820: [INFO][SyncManagerImpl::ConfigureSyncer] Types to download: Device Info, Encryption Keys with reason: 5
2026-09-15 18:58:32.820: [INFO][SyncSchedulerImpl::DoConfigurationSyncCycleJob] Blocked types:  and types to download: Device Info, Encryption Keys
2026-09-15 18:58:33.168: [INFO][SyncEngineBackend::DoFinishConfigureDataTypes] Failed to download types:  and succeeded types: Device Info, Encryption Keys
2026-09-15 18:58:33.169: [INFO][Sync] ConfigurationDone, failed: , succeeded: Device Info, Encryption Keys, remaining count: 1
2026-09-15 18:58:33.169: [INFO][Sync] Prepare to configure types: Extensions, Extension settings, Send Tab To Self, Web Apps, Encryption Keys
2026-09-15 18:58:33.169: [INFO][SyncManagerImpl::ConfigureSyncer] Types to download: Extensions, Extension settings, Send Tab To Self, Web Apps, Encryption Keys with reason: 5
2026-09-15 18:58:33.169: [INFO][SyncSchedulerImpl::DoConfigurationSyncCycleJob] Blocked types:  and types to download: Extensions, Extension settings, Send Tab To Self, Web Apps, Encryption Keys
2026-09-15 18:58:33.435: [INFO][SyncEngineBackend::DoFinishConfigureDataTypes] Failed to download types:  and succeeded types: Extensions, Extension settings, Send Tab To Self, Web Apps, Encryption Keys
2026-09-15 18:58:33.436: [INFO][Sync] ConfigurationDone, failed: , succeeded: Extensions, Extension settings, Send Tab To Self, Web Apps, Encryption Keys, remaining count: 0
2026-09-15 18:58:33.437: [INFO][Sync]     Configuration completed, state: 7
2026-09-15 18:58:33.437: [INFO][Sync] Configured DataTypeManager: Ok
2026-09-15 18:58:33.438: [INFO][SyncEngineBackend::DoStartSyncing] Start syncing
