{"logTime": "0914/121933", "correlationVector":"9C3+oKe89C9i4dZkWid4lJ.1","action":"SyncServerConnectionManagerRequest", "result":"SYNC_SERVER_OK", "context":{"environment":"Prod_southindia_prod-s01-004-apac-southindia", "migrationStage":"NotStarted", "server":"akswtt107000054"}}
{"logTime": "0914/121933", "correlationVector":"9C3+oKe89C9i4dZkWid4lJ.2","action":"ProcessGetUpdates", "result":"Done", "context":{"dataType":"Encryption Keys", "deleted":"0", "process_failed_to_decrypt":"0", "process_pending_decryption":"0", "process_success":"1", "total":"1"}}
{"logTime": "0914/121934", "correlationVector":"mHzxKpyXG85dJAhHnO5o0H","action":"SyncServerConnectionManagerRequest", "result":"SYNC_SERVER_OK", "context":{"environment":"", "migrationStage":"", "server":""}}
{"logTime": "0914/121934", "correlationVector":"mHzxKpyXG85dJAhHnO5o0H.0","action":"EncryptionKeysFetcher.DownloadKeys:", "result":"Success", "context":Key count: 1, Last key timestamp: 2026-08-29T17:40:48Z}
{"logTime": "0914/121934", "correlationVector":"mHzxKpyXG85dJAhHnO5o0H.1","action":"EncryptionKeysManager::SetEncryptionKeys:", "result":"Success", "context":Key names[1]:[cVPq5RqTh2/QXwwfdXxx+oNBsXShWf1rDJvHouL9PnYW3wNEM7CmhXDt1j6aPne7KpXjO0uP5o54x0O2g4bzEg==]}
{"logTime": "0914/121934", "correlationVector":"mHzxKpyXG85dJAhHnO5o0H.2","action":"EncryptionKeysManager::SetEncryptionKeysWithTimestamps:", "result":"Success", "context":Key timestamps[1]:[2026-08-29T17:40:48Z]}
{"logTime": "0914/121934", "correlationVector":"9C3+oKe89C9i4dZkWid4lJ","action":"Initial GetUpdates", "result":"", "context":Reason: NEW_CLIENT. cV=9C3+oKe89C9i4dZkWid4lJ}
{"logTime": "0914/121934", "correlationVector":"9C3+oKe89C9i4dZkWid4lJ.3","action":"GetUpdates Response", "result":"Success", "context":Received 1 update(s). cV=9C3+oKe89C9i4dZkWid4lJ.0;server=akswtt107000054;cloudType=Consumer;environment=Prod_southindia_prod-s01-004-apac-southindia;migrationStage=NotStarted}
{"logTime": "0914/121934", "correlationVector":"Qi7qIEQE/ZoV4Y60kIJaLv","action":"Initial GetUpdates", "result":"", "context":Reason: NEWLY_SUPPORTED_DATATYPE. cV=Qi7qIEQE/ZoV4Y60kIJaLv}
{"logTime": "0914/121934", "correlationVector":"Qi7qIEQE/ZoV4Y60kIJaLv.1","action":"SyncServerConnectionManagerRequest", "result":"SYNC_SERVER_OK", "context":{"environment":"Prod_southindia_prod-s01-004-apac-southindia", "migrationStage":"NotStarted", "server":"akswtt107000056"}}
{"logTime": "0914/121934", "correlationVector":"Qi7qIEQE/ZoV4Y60kIJaLv.2","action":"ProcessGetUpdates", "result":"Done", "context":{"dataType":"Device Info", "deleted":"0", "process_failed_to_decrypt":"0", "process_pending_decryption":"0", "process_success":"2", "total":"2"}}
{"logTime": "0914/121934", "correlationVector":"Qi7qIEQE/ZoV4Y60kIJaLv.3","action":"GetUpdates Response", "result":"Success", "context":Received 2 update(s). cV=Qi7qIEQE/ZoV4Y60kIJaLv.0;server=akswtt107000056;cloudType=Consumer;environment=Prod_southindia_prod-s01-004-apac-southindia;migrationStage=NotStarted}
{"logTime": "0914/121934", "correlationVector":"1WeH1bOe1FBL+tB9BPILsV","action":"Initial GetUpdates", "result":"", "context":Reason: NEWLY_SUPPORTED_DATATYPE. cV=1WeH1bOe1FBL+tB9BPILsV}
{"logTime": "0914/121934", "correlationVector":"1WeH1bOe1FBL+tB9BPILsV.1","action":"SyncServerConnectionManagerRequest", "result":"SYNC_SERVER_OK", "context":{"environment":"Prod_southindia_prod-s01-004-apac-southindia", "migrationStage":"NotStarted", "server":"akswtt10700005g"}}
{"logTime": "0914/121934", "correlationVector":"1WeH1bOe1FBL+tB9BPILsV.2","action":"ProcessGetUpdates", "result":"Done", "context":{"dataType":"Extensions", "deleted":"0", "process_failed_to_decrypt":"0", "process_pending_decryption":"0", "process_success":"5", "total":"5"}}
{"logTime": "0914/121934", "correlationVector":"1WeH1bOe1FBL+tB9BPILsV.3","action":"ProcessGetUpdates", "result":"Done", "context":{"dataType":"Extension settings", "deleted":"0", "process_failed_to_decrypt":"0", "process_pending_decryption":"0", "process_success":"8", "total":"8"}}
{"logTime": "0914/121934", "correlationVector":"1WeH1bOe1FBL+tB9BPILsV.4","action":"GetUpdates Response", "result":"Success", "context":Received 13 update(s). cV=1WeH1bOe1FBL+tB9BPILsV.0;server=akswtt10700005g;cloudType=Consumer;environment=Prod_southindia_prod-s01-004-apac-southindia;migrationStage=NotStarted}
{"logTime": "0914/121934", "correlationVector":"Xeg+c47FaAkz8+UTvv7ilI","action":"Normal GetUpdate request", "result":"", "context":cV=Xeg+c47FaAkz8+UTvv7ilI
Nudged types: Device Info, User Consents
Refresh requested types: Extensions, Extension settings, Device Info, User Consents, Send Tab To Self, Web Apps, Encryption Keys}
{"logTime": "0914/121935", "correlationVector":"Xeg+c47FaAkz8+UTvv7ilI.1","action":"SyncServerConnectionManagerRequest", "result":"SYNC_SERVER_OK", "context":{"environment":"Prod_southindia_prod-s01-004-apac-southindia", "migrationStage":"NotStarted", "server":"akswtt107000043"}}
{"logTime": "0914/121935", "correlationVector":"Xeg+c47FaAkz8+UTvv7ilI.2","action":"GetUpdates Response", "result":"Success", "context":Received 0 update(s). cV=Xeg+c47FaAkz8+UTvv7ilI.0;server=akswtt107000043;cloudType=Consumer;environment=Prod_southindia_prod-s01-004-apac-southindia;migrationStage=NotStarted}
{"logTime": "0914/121935", "correlationVector":"qlTtl0vHLhSgqWSSlOTfS4","action":"DoCompareDataConsistency requsted types: ", "result":"Extensions, Extension settings, Send Tab To Self, Web Apps, Encryption Keys"}
{"logTime": "0914/121935", "correlationVector":"qlTtl0vHLhSgqWSSlOTfS4.0","action":"CompareDataConsistency result: ", "result":"Compare result: Encryption Keys is consistent. local entities count is: 1 local entities hash is: bE0WwzcMKolOKkQdIhrjQ2Fu3+8="}
{"logTime": "0914/121935", "correlationVector":"qlTtl0vHLhSgqWSSlOTfS4.1","action":"CompareDataConsistency result: ", "result":"Compare result: Extensions is consistent. local entities count is: 5 local entities hash is: qdm5IPLUeJ2fK1FYLWA8SXVNYJw="}
{"logTime": "0914/121935", "correlationVector":"qlTtl0vHLhSgqWSSlOTfS4.2","action":"CompareDataConsistency result: ", "result":"Compare result: Extension settings is consistent. local entities count is: 8 local entities hash is: x9zIm+oON0ao4+UouLvzwqw1/QE="}
{"logTime": "0914/121935", "correlationVector":"qlTtl0vHLhSgqWSSlOTfS4.3","action":"CompareDataConsistency result: ", "result":"Server did not send this Send Tab To Self local entities count is: 0 local entities hash is: "}
{"logTime": "0914/121935", "correlationVector":"qlTtl0vHLhSgqWSSlOTfS4.4","action":"CompareDataConsistency result: ", "result":"Compare result: Web Apps is consistent. local entities count is: 0 local entities hash is: "}
{"logTime": "0914/121935", "correlationVector":"sqECPbfPc/3Wza9bUvKB+k","action":"Commit Request", "result":"", "context":Item count: 2
Contributing types: Device Info, User Consents}
{"logTime": "0914/122717", "correlationVector":"TFLoh5OMrbCASzNR+dG/1c.1","action":"SyncServerConnectionManagerRequest", "result":"SYNC_SERVER_OK", "context":{"environment":"Prod_southindia_prod-s01-004-apac-southindia", "migrationStage":"NotStarted", "server":"akswtt10700004g"}}
{"logTime": "0914/122717", "correlationVector":"TFLoh5OMrbCASzNR+dG/1c.2","action":"ProcessGetUpdates", "result":"Done", "context":{"dataType":"Encryption Keys", "deleted":"0", "process_failed_to_decrypt":"0", "process_pending_decryption":"0", "process_success":"1", "total":"1"}}
{"logTime": "0914/122718", "correlationVector":"9cnm1gc024c7jwA+3GNnJS","action":"SyncServerConnectionManagerRequest", "result":"SYNC_SERVER_OK", "context":{"environment":"", "migrationStage":"", "server":""}}
{"logTime": "0914/122718", "correlationVector":"9cnm1gc024c7jwA+3GNnJS.0","action":"EncryptionKeysFetcher.DownloadKeys:", "result":"Success", "context":Key count: 1, Last key timestamp: 2026-08-29T17:40:48Z}
{"logTime": "0914/122718", "correlationVector":"9cnm1gc024c7jwA+3GNnJS.1","action":"EncryptionKeysManager::SetEncryptionKeys:", "result":"Success", "context":Key names[1]:[cVPq5RqTh2/QXwwfdXxx+oNBsXShWf1rDJvHouL9PnYW3wNEM7CmhXDt1j6aPne7KpXjO0uP5o54x0O2g4bzEg==]}
{"logTime": "0914/122718", "correlationVector":"9cnm1gc024c7jwA+3GNnJS.2","action":"EncryptionKeysManager::SetEncryptionKeysWithTimestamps:", "result":"Success", "context":Key timestamps[1]:[2026-08-29T17:40:48Z]}
{"logTime": "0914/122718", "correlationVector":"TFLoh5OMrbCASzNR+dG/1c","action":"Initial GetUpdates", "result":"", "context":Reason: NEW_CLIENT. cV=TFLoh5OMrbCASzNR+dG/1c}
{"logTime": "0914/122718", "correlationVector":"TFLoh5OMrbCASzNR+dG/1c.3","action":"GetUpdates Response", "result":"Success", "context":Received 1 update(s). cV=TFLoh5OMrbCASzNR+dG/1c.0;server=akswtt10700004g;cloudType=Consumer;environment=Prod_southindia_prod-s01-004-apac-southindia;migrationStage=NotStarted}
{"logTime": "0914/122718", "correlationVector":"TWI6MyPQVodGKwRft6sHHS","action":"Initial GetUpdates", "result":"", "context":Reason: NEWLY_SUPPORTED_DATATYPE. cV=TWI6MyPQVodGKwRft6sHHS}
{"logTime": "0914/122718", "correlationVector":"TWI6MyPQVodGKwRft6sHHS.1","action":"SyncServerConnectionManagerRequest", "result":"SYNC_SERVER_OK", "context":{"environment":"Prod_southindia_prod-s01-004-apac-southindia", "migrationStage":"NotStarted", "server":"akswtt10700004b"}}
{"logTime": "0914/122718", "correlationVector":"TWI6MyPQVodGKwRft6sHHS.2","action":"ProcessGetUpdates", "result":"Done", "context":{"dataType":"Device Info", "deleted":"0", "process_failed_to_decrypt":"0", "process_pending_decryption":"0", "process_success":"3", "total":"3"}}
{"logTime": "0914/122718", "correlationVector":"TWI6MyPQVodGKwRft6sHHS.3","action":"GetUpdates Response", "result":"Success", "context":Received 3 update(s). cV=TWI6MyPQVodGKwRft6sHHS.0;server=akswtt10700004b;cloudType=Consumer;environment=Prod_southindia_prod-s01-004-apac-southindia;migrationStage=NotStarted}
{"logTime": "0914/122718", "correlationVector":"wIua2sKCVg/ktXnKm8abIi","action":"Initial GetUpdates", "result":"", "context":Reason: NEWLY_SUPPORTED_DATATYPE. cV=wIua2sKCVg/ktXnKm8abIi}
{"logTime": "0914/122719", "correlationVector":"wIua2sKCVg/ktXnKm8abIi.1","action":"SyncServerConnectionManagerRequest", "result":"SYNC_SERVER_OK", "context":{"environment":"Prod_southindia_prod-s01-004-apac-southindia", "migrationStage":"NotStarted", "server":"akswtt10700004e"}}
{"logTime": "0914/122719", "correlationVector":"wIua2sKCVg/ktXnKm8abIi.2","action":"ProcessGetUpdates", "result":"Done", "context":{"dataType":"Extensions", "deleted":"0", "process_failed_to_decrypt":"0", "process_pending_decryption":"0", "process_success":"5", "total":"5"}}
{"logTime": "0914/122719", "correlationVector":"wIua2sKCVg/ktXnKm8abIi.3","action":"ProcessGetUpdates", "result":"Done", "context":{"dataType":"Extension settings", "deleted":"0", "process_failed_to_decrypt":"0", "process_pending_decryption":"0", "process_success":"8", "total":"8"}}
{"logTime": "0914/122719", "correlationVector":"wIua2sKCVg/ktXnKm8abIi.4","action":"GetUpdates Response", "result":"Success", "context":Received 13 update(s). cV=wIua2sKCVg/ktXnKm8abIi.0;server=akswtt10700004e;cloudType=Consumer;environment=Prod_southindia_prod-s01-004-apac-southindia;migrationStage=NotStarted}
{"logTime": "0914/122719", "correlationVector":"wpPnhq19nkBPvzG06u5QXi","action":"Normal GetUpdate request", "result":"", "context":cV=wpPnhq19nkBPvzG06u5QXi
Nudged types: Device Info
Refresh requested types: Extensions, Extension settings, Device Info, User Consents, Send Tab To Self, Web Apps, Encryption Keys}
{"logTime": "0914/122719", "correlationVector":"wpPnhq19nkBPvzG06u5QXi.1","action":"SyncServerConnectionManagerRequest", "result":"SYNC_SERVER_OK", "context":{"environment":"Prod_southindia_prod-s01-004-apac-southindia", "migrationStage":"NotStarted", "server":"akswtt107000050"}}
{"logTime": "0914/122719", "correlationVector":"wpPnhq19nkBPvzG06u5QXi.2","action":"GetUpdates Response", "result":"Success", "context":Received 0 update(s). cV=wpPnhq19nkBPvzG06u5QXi.0;server=akswtt107000050;cloudType=Consumer;environment=Prod_southindia_prod-s01-004-apac-southindia;migrationStage=NotStarted}
{"logTime": "0914/122719", "correlationVector":"LNwUUXjFPw0Xj2hI3Ihy5a","action":"DoCompareDataConsistency requsted types: ", "result":"Extensions, Extension settings, Send Tab To Self, Web Apps, Encryption Keys"}
{"logTime": "0914/122719", "correlationVector":"LNwUUXjFPw0Xj2hI3Ihy5a.0","action":"CompareDataConsistency result: ", "result":"Compare result: Encryption Keys is consistent. local entities count is: 1 local entities hash is: bE0WwzcMKolOKkQdIhrjQ2Fu3+8="}
{"logTime": "0914/122719", "correlationVector":"LNwUUXjFPw0Xj2hI3Ihy5a.1","action":"CompareDataConsistency result: ", "result":"Compare result: Extensions is consistent. local entities count is: 5 local entities hash is: qdm5IPLUeJ2fK1FYLWA8SXVNYJw="}
{"logTime": "0914/122719", "correlationVector":"LNwUUXjFPw0Xj2hI3Ihy5a.2","action":"CompareDataConsistency result: ", "result":"Compare result: Extension settings is consistent. local entities count is: 8 local entities hash is: x9zIm+oON0ao4+UouLvzwqw1/QE="}
{"logTime": "0914/122719", "correlationVector":"LNwUUXjFPw0Xj2hI3Ihy5a.3","action":"CompareDataConsistency result: ", "result":"Server did not send this Send Tab To Self local entities count is: 0 local entities hash is: "}
{"logTime": "0914/122719", "correlationVector":"LNwUUXjFPw0Xj2hI3Ihy5a.4","action":"CompareDataConsistency result: ", "result":"Compare result: Web Apps is consistent. local entities count is: 0 local entities hash is: "}
{"logTime": "0914/122719", "correlationVector":"8N3U1qgxR5iCb6p41qVKVl","action":"Commit Request", "result":"", "context":Item count: 1
Contributing types: Device Info}
