2026-09-14 12:19:32.085: [INFO][Sync] SyncState after authenticated was: FeatureNotSetup
2026-09-14 12:19:32.146: [INFO][Sync] Try to start sync engine
2026-09-14 12:19:32.148: [INFO][SyncManagerImpl::NudgeForInitialDownload] Initial download nudge for Encryption Keys
2026-09-14 12:19:32.148: [INFO][SyncEngineBackend::LoadAndConnectNigoriController] Load and connect Nigori controller
2026-09-14 12:19:32.148: [INFO][SyncEngineBackend::DoInitialize] Control Types added: Encryption Keys
2026-09-14 12:19:32.148: [INFO][SyncManagerImpl::ConfigureSyncer] Types to download: Encryption Keys with reason: 3
2026-09-14 12:19:32.148: [INFO][SyncSchedulerImpl::DoConfigurationSyncCycleJob] Configure job was blocked
2026-09-14 12:19:32.215: [INFO][SyncAuthManager::SetLastAuthError] Current auth error: None
2026-09-14 12:19:32.215: [INFO][SyncAuthManager::EdgeLogTokenErrorState] Token error with: None for account type: MSA
2026-09-14 12:19:32.215: [INFO][Sync] Credentials changed for: EdgeSyncScopeNew
2026-09-14 12:19:33.287: [INFO][SyncAuthManager::SetLastAuthError] Current auth error: None
2026-09-14 12:19:33.287: [INFO][SyncAuthManager::EdgeLogTokenErrorState] Token error with: None for account type: MSA
2026-09-14 12:19:33.287: [INFO][Sync] Credentials changed for: EdgeSyncKeyDataScope
2026-09-14 12:19:33.287: [INFO][SyncEngineBackend::DoUpdateKeyDataCredentials] Update key data credentials
2026-09-14 12:19:33.287: [INFO][SyncEngineBackend::DoUpdateCredentials] Update credentials
2026-09-14 12:19:33.287: [INFO][SyncSchedulerImpl::DoConfigurationSyncCycleJob] Blocked types:  and types to download: Encryption Keys
2026-09-14 12:19:33.487: [INFO][Sync] Started DataTypeManager configuration, reason: 4
2026-09-14 12:19:33.487: [INFO][Sync] Configuring for: Extensions, Extension settings, Device Info, User Consents, Send Tab To Self, Web Apps, Encryption Keys, reason: 3, current state: 0
2026-09-14 12:19:33.487: [WARN][Sync] Crypto error data types: 
2026-09-14 12:19:33.488: [INFO][Sync] Configure, desired: Extensions, Extension settings, Device Info, User Consents, Send Tab To Self, Web Apps, Encryption Keys; Allow fail: 
2026-09-14 12:19:33.488: [INFO][Sync] Loading: Extensions
2026-09-14 12:19:33.489: [INFO][Sync] Loading: Extension settings
2026-09-14 12:19:33.489: [INFO][Sync] Loading: Device Info
2026-09-14 12:19:33.489: [INFO][Sync] Loading: User Consents
2026-09-14 12:19:33.489: [INFO][Sync] Loading: Send Tab To Self
2026-09-14 12:19:33.489: [INFO][Sync] Loading: Web Apps
2026-09-14 12:19:33.491: [INFO][Sync] All data types are ready for configure.
2026-09-14 12:19:34.101: [INFO][SyncEngineBackend::DoStartConfiguration] Start configuration
2026-09-14 12:19:34.102: [INFO][SyncManagerImpl::NudgeForInitialDownload] Initial download nudge for Extensions
2026-09-14 12:19:34.102: [INFO][SyncManagerImpl::NudgeForInitialDownload] Initial download nudge for Extension settings
2026-09-14 12:19:34.102: [INFO][SyncManagerImpl::NudgeForInitialDownload] Initial download nudge for Device Info
2026-09-14 12:19:34.102: [INFO][SyncManagerImpl::NudgeForInitialDownload] Initial download nudge for Send Tab To Self
2026-09-14 12:19:34.102: [INFO][SyncManagerImpl::NudgeForInitialDownload] Initial download nudge for Web Apps
2026-09-14 12:19:34.102: [INFO][SyncManagerImpl::ConfigureSyncer] Types to download:  with reason: 3
2026-09-14 12:19:34.102: [INFO][SyncEngineBackend::DoFinishConfigureDataTypes] Failed to download types:  and succeeded types: 
2026-09-14 12:19:34.102: [INFO][Sync] Started DataTypeManager configuration, reason: 5
2026-09-14 12:19:34.102: [INFO][Sync] Configuring for: Extensions, Extension settings, Device Info, User Consents, Send Tab To Self, Web Apps, Encryption Keys, reason: 5, current state: 1
2026-09-14 12:19:34.104: [INFO][Sync] ConfigurationDone, failed: , succeeded: , remaining count: 2
2026-09-14 12:19:34.104: [WARN][Sync]     Reconfigure requested while configuration ongoing.
2026-09-14 12:19:34.104: [INFO][Sync] Configuring for: Extensions, Extension settings, Device Info, User Consents, Send Tab To Self, Web Apps, Encryption Keys, reason: 5, current state: 2
2026-09-14 12:19:34.104: [INFO][Sync] Configure, desired: Extensions, Extension settings, Device Info, User Consents, Send Tab To Self, Web Apps, Encryption Keys; Allow fail: 
2026-09-14 12:19:34.104: [INFO][Sync] All data types are ready for configure.
2026-09-14 12:19:34.104: [INFO][SyncManagerImpl::ConfigureSyncer] Types to download:  with reason: 5
2026-09-14 12:19:34.104: [INFO][SyncEngineBackend::DoFinishConfigureDataTypes] Failed to download types:  and succeeded types: 
2026-09-14 12:19:34.108: [INFO][Sync] ConfigurationDone, failed: , succeeded: , remaining count: 2
2026-09-14 12:19:34.109: [INFO][Sync] Prepare to configure types: Device Info, Encryption Keys
2026-09-14 12:19:34.109: [INFO][SyncManagerImpl::ConfigureSyncer] Types to download: Device Info, Encryption Keys with reason: 5
2026-09-14 12:19:34.109: [INFO][SyncSchedulerImpl::DoConfigurationSyncCycleJob] Blocked types:  and types to download: Device Info, Encryption Keys
2026-09-14 12:19:34.413: [INFO][SyncEngineBackend::DoFinishConfigureDataTypes] Failed to download types:  and succeeded types: Device Info, Encryption Keys
2026-09-14 12:19:34.415: [INFO][Sync] ConfigurationDone, failed: , succeeded: Device Info, Encryption Keys, remaining count: 1
2026-09-14 12:19:34.415: [INFO][Sync] Prepare to configure types: Extensions, Extension settings, Send Tab To Self, Web Apps, Encryption Keys
2026-09-14 12:19:34.415: [INFO][SyncManagerImpl::ConfigureSyncer] Types to download: Extensions, Extension settings, Send Tab To Self, Web Apps, Encryption Keys with reason: 5
2026-09-14 12:19:34.416: [INFO][SyncSchedulerImpl::DoConfigurationSyncCycleJob] Blocked types:  and types to download: Extensions, Extension settings, Send Tab To Self, Web Apps, Encryption Keys
2026-09-14 12:19:34.723: [INFO][SyncEngineBackend::DoFinishConfigureDataTypes] Failed to download types:  and succeeded types: Extensions, Extension settings, Send Tab To Self, Web Apps, Encryption Keys
2026-09-14 12:19:34.725: [INFO][Sync] ConfigurationDone, failed: , succeeded: Extensions, Extension settings, Send Tab To Self, Web Apps, Encryption Keys, remaining count: 0
2026-09-14 12:19:34.725: [INFO][Sync]     Configuration completed, state: 7
2026-09-14 12:19:34.726: [INFO][Sync] Configured DataTypeManager: Ok
2026-09-14 12:19:34.728: [INFO][SyncEngineBackend::DoStartSyncing] Start syncing
2026-09-14 12:27:16.366: [INFO][Sync] SyncState after authenticated was: FeatureNotSetup
2026-09-14 12:27:16.420: [INFO][Sync] Try to start sync engine
2026-09-14 12:27:16.422: [INFO][SyncManagerImpl::NudgeForInitialDownload] Initial download nudge for Encryption Keys
2026-09-14 12:27:16.422: [INFO][SyncEngineBackend::LoadAndConnectNigoriController] Load and connect Nigori controller
2026-09-14 12:27:16.422: [INFO][SyncEngineBackend::DoInitialize] Control Types added: Encryption Keys
2026-09-14 12:27:16.422: [INFO][SyncManagerImpl::ConfigureSyncer] Types to download: Encryption Keys with reason: 3
2026-09-14 12:27:16.422: [INFO][SyncSchedulerImpl::DoConfigurationSyncCycleJob] Configure job was blocked
2026-09-14 12:27:16.495: [INFO][SyncAuthManager::SetLastAuthError] Current auth error: None
2026-09-14 12:27:16.495: [INFO][SyncAuthManager::EdgeLogTokenErrorState] Token error with: None for account type: MSA
2026-09-14 12:27:16.495: [INFO][Sync] Credentials changed for: EdgeSyncScopeNew
2026-09-14 12:27:17.398: [INFO][SyncAuthManager::SetLastAuthError] Current auth error: None
2026-09-14 12:27:17.398: [INFO][SyncAuthManager::EdgeLogTokenErrorState] Token error with: None for account type: MSA
2026-09-14 12:27:17.398: [INFO][Sync] Credentials changed for: EdgeSyncKeyDataScope
2026-09-14 12:27:17.398: [INFO][SyncEngineBackend::DoUpdateKeyDataCredentials] Update key data credentials
2026-09-14 12:27:17.398: [INFO][SyncEngineBackend::DoUpdateCredentials] Update credentials
2026-09-14 12:27:17.398: [INFO][SyncSchedulerImpl::DoConfigurationSyncCycleJob] Blocked types:  and types to download: Encryption Keys
2026-09-14 12:27:17.993: [INFO][Sync] Started DataTypeManager configuration, reason: 4
2026-09-14 12:27:17.993: [INFO][Sync] Configuring for: Extensions, Extension settings, Device Info, User Consents, Send Tab To Self, Web Apps, Encryption Keys, reason: 3, current state: 0
2026-09-14 12:27:17.993: [WARN][Sync] Crypto error data types: 
2026-09-14 12:27:17.994: [INFO][Sync] Configure, desired: Extensions, Extension settings, Device Info, User Consents, Send Tab To Self, Web Apps, Encryption Keys; Allow fail: 
2026-09-14 12:27:17.994: [INFO][Sync] Loading: Extensions
2026-09-14 12:27:17.994: [INFO][Sync] Loading: Extension settings
2026-09-14 12:27:17.994: [INFO][Sync] Loading: Device Info
2026-09-14 12:27:17.994: [INFO][Sync] Loading: User Consents
2026-09-14 12:27:17.994: [INFO][Sync] Loading: Send Tab To Self
2026-09-14 12:27:17.994: [INFO][Sync] Loading: Web Apps
2026-09-14 12:27:17.995: [INFO][Sync] All data types are ready for configure.
2026-09-14 12:27:18.620: [INFO][SyncEngineBackend::DoStartConfiguration] Start configuration
2026-09-14 12:27:18.620: [INFO][SyncManagerImpl::NudgeForInitialDownload] Initial download nudge for Extensions
2026-09-14 12:27:18.620: [INFO][SyncManagerImpl::NudgeForInitialDownload] Initial download nudge for Extension settings
2026-09-14 12:27:18.620: [INFO][SyncManagerImpl::NudgeForInitialDownload] Initial download nudge for Device Info
2026-09-14 12:27:18.620: [INFO][SyncManagerImpl::NudgeForInitialDownload] Initial download nudge for Send Tab To Self
2026-09-14 12:27:18.620: [INFO][SyncManagerImpl::NudgeForInitialDownload] Initial download nudge for Web Apps
2026-09-14 12:27:18.620: [INFO][SyncManagerImpl::ConfigureSyncer] Types to download:  with reason: 3
2026-09-14 12:27:18.620: [INFO][SyncEngineBackend::DoFinishConfigureDataTypes] Failed to download types:  and succeeded types: 
2026-09-14 12:27:18.620: [INFO][Sync] Started DataTypeManager configuration, reason: 5
2026-09-14 12:27:18.621: [INFO][Sync] Configuring for: Extensions, Extension settings, Device Info, User Consents, Send Tab To Self, Web Apps, Encryption Keys, reason: 5, current state: 1
2026-09-14 12:27:18.623: [INFO][Sync] ConfigurationDone, failed: , succeeded: , remaining count: 2
2026-09-14 12:27:18.623: [WARN][Sync]     Reconfigure requested while configuration ongoing.
2026-09-14 12:27:18.623: [INFO][Sync] Configuring for: Extensions, Extension settings, Device Info, User Consents, Send Tab To Self, Web Apps, Encryption Keys, reason: 5, current state: 2
2026-09-14 12:27:18.623: [INFO][Sync] Configure, desired: Extensions, Extension settings, Device Info, User Consents, Send Tab To Self, Web Apps, Encryption Keys; Allow fail: 
2026-09-14 12:27:18.623: [INFO][Sync] All data types are ready for configure.
2026-09-14 12:27:18.623: [INFO][SyncManagerImpl::ConfigureSyncer] Types to download:  with reason: 5
2026-09-14 12:27:18.623: [INFO][SyncEngineBackend::DoFinishConfigureDataTypes] Failed to download types:  and succeeded types: 
2026-09-14 12:27:18.627: [INFO][Sync] ConfigurationDone, failed: , succeeded: , remaining count: 2
2026-09-14 12:27:18.627: [INFO][Sync] Prepare to configure types: Device Info, Encryption Keys
2026-09-14 12:27:18.628: [INFO][SyncManagerImpl::ConfigureSyncer] Types to download: Device Info, Encryption Keys with reason: 5
2026-09-14 12:27:18.628: [INFO][SyncSchedulerImpl::DoConfigurationSyncCycleJob] Blocked types:  and types to download: Device Info, Encryption Keys
2026-09-14 12:27:18.923: [INFO][SyncEngineBackend::DoFinishConfigureDataTypes] Failed to download types:  and succeeded types: Device Info, Encryption Keys
2026-09-14 12:27:18.925: [INFO][Sync] ConfigurationDone, failed: , succeeded: Device Info, Encryption Keys, remaining count: 1
2026-09-14 12:27:18.925: [INFO][Sync] Prepare to configure types: Extensions, Extension settings, Send Tab To Self, Web Apps, Encryption Keys
2026-09-14 12:27:18.926: [INFO][SyncManagerImpl::ConfigureSyncer] Types to download: Extensions, Extension settings, Send Tab To Self, Web Apps, Encryption Keys with reason: 5
2026-09-14 12:27:18.926: [INFO][SyncSchedulerImpl::DoConfigurationSyncCycleJob] Blocked types:  and types to download: Extensions, Extension settings, Send Tab To Self, Web Apps, Encryption Keys
2026-09-14 12:27:19.199: [INFO][SyncEngineBackend::DoFinishConfigureDataTypes] Failed to download types:  and succeeded types: Extensions, Extension settings, Send Tab To Self, Web Apps, Encryption Keys
2026-09-14 12:27:19.200: [INFO][Sync] ConfigurationDone, failed: , succeeded: Extensions, Extension settings, Send Tab To Self, Web Apps, Encryption Keys, remaining count: 0
2026-09-14 12:27:19.200: [INFO][Sync]     Configuration completed, state: 7
2026-09-14 12:27:19.200: [INFO][Sync] Configured DataTypeManager: Ok
2026-09-14 12:27:19.202: [INFO][SyncEngineBackend::DoStartSyncing] Start syncing
