2026-09-14 12:19:32.172: [INFO] CurrentProfilePath: C:\Users\Sanjeev\Desktop\velvethug\temp_edge_profile\Default
2026-09-14 12:19:32.172: [INFO] Profiles total count: 1
2026-09-14 12:19:32.172: [INFO] Profile: name=Profile 1 path=C:\Users\Sanjeev\Desktop\velvethug\temp_edge_profile\Default lastActive=null
2026-09-14 12:19:32.172: [INFO] LastUsedProfileDir: C:\Users\Sanjeev\Desktop\velvethug\temp_edge_profile\Default
2026-09-14 12:19:32.172: [INFO] VisibilityChanged: 0
2026-09-14 12:19:32.187: [INFO] OnDoneLoading sync enabled: 0
2026-09-14 12:19:32.187: [INFO] BookmarkModelLoaded, ids_reassigned: 0
2026-09-14 12:19:32.187: [INFO] BookmarksLoadDropped droppedNodes=0
2026-09-14 12:19:32.187: [INFO] BookmarksSnapshot Startup total=0 bar=0 other=0 mobile=0 showBar=0 showBarNTP=1
2026-09-14 12:19:32.203: [INFO] RecordSyncInitDuration has_sync_been_enabled: 0 state: 3
2026-09-14 12:19:32.218: [INFO] RecordSyncInitDuration has_sync_been_enabled: 0 state: 3
2026-09-14 12:19:32.243: [INFO] BookmarkNodeAdded, ABU: 0
2026-09-14 12:19:32.243: [INFO] BookmarkNodeAdded, ABU: 0
2026-09-14 12:19:32.243: [INFO] BookmarkNodeAdded, ABU: 0
2026-09-14 12:19:32.244: [INFO] BookmarkNodeAdded, ABU: 0
2026-09-14 12:19:33.481: [INFO] RecordSyncInitDuration has_sync_been_enabled: 0 state: 3
2026-09-14 12:19:33.482: [INFO] RecordSyncInitDuration has_sync_been_enabled: 0 state: 3
2026-09-14 12:19:33.483: [INFO] RecordSyncInitDuration has_sync_been_enabled: 0 state: 3
2026-09-14 12:19:33.485: [INFO] RecordSyncInitDuration has_sync_been_enabled: 0 state: 3
2026-09-14 12:19:33.486: [INFO] RecordSyncInitDuration has_sync_been_enabled: 0 state: 3
2026-09-14 12:19:33.487: [INFO] RecordSyncInitDuration has_sync_been_enabled: 0 state: 3
2026-09-14 12:19:33.488: [INFO] RecordSyncInitDuration has_sync_been_enabled: 0 state: 5
2026-09-14 12:19:33.490: [INFO] RecordSyncInitDuration has_sync_been_enabled: 0 state: 5
2026-09-14 12:19:34.101: [INFO] RecordSyncInitDuration has_sync_been_enabled: 0 state: 5
2026-09-14 12:19:34.104: [INFO] RecordSyncInitDuration has_sync_been_enabled: 0 state: 5
2026-09-14 12:19:34.415: [INFO] RecordSyncInitDuration has_sync_been_enabled: 0 state: 5
2026-09-14 12:19:34.725: [INFO] RecordSyncInitDuration has_sync_been_enabled: 0 state: 5
2026-09-14 12:19:34.728: [INFO] RecordSyncInitDuration has_sync_been_enabled: 0 state: 6
2026-09-14 12:19:34.730: [INFO] RecordSyncInitDuration has_sync_been_enabled: 0 state: 6
2026-09-14 12:27:16.445: [INFO] CurrentProfilePath: C:\Users\Sanjeev\Desktop\velvethug\temp_edge_profile\Default
2026-09-14 12:27:16.445: [INFO] Profiles total count: 1
2026-09-14 12:27:16.445: [INFO] Profile: name=Profile 1 path=C:\Users\Sanjeev\Desktop\velvethug\temp_edge_profile\Default lastActive=null
2026-09-14 12:27:16.445: [INFO] LastUsedProfileDir: C:\Users\Sanjeev\Desktop\velvethug\temp_edge_profile\Default
2026-09-14 12:27:16.445: [INFO] VisibilityChanged: 0
2026-09-14 12:27:16.466: [INFO] BookmarkNodeAdded, ABU: 0
2026-09-14 12:27:16.466: [INFO] BookmarkNodeAdded, ABU: 0
2026-09-14 12:27:16.466: [INFO] BookmarkNodeAdded, ABU: 0
2026-09-14 12:27:16.466: [INFO] BookmarkNodeAdded, ABU: 0
2026-09-14 12:27:16.466: [INFO] OnDoneLoading sync enabled: 0
2026-09-14 12:27:16.466: [INFO] BookmarkModelLoaded, ids_reassigned: 0
2026-09-14 12:27:16.466: [INFO] BookmarksLoadDropped droppedNodes=0
2026-09-14 12:27:16.466: [INFO] BookmarksSnapshot Startup total=8 bar=8 other=0 mobile=0 showBar=0 showBarNTP=1
2026-09-14 12:27:16.483: [INFO] RecordSyncInitDuration has_sync_been_enabled: 0 state: 3
2026-09-14 12:27:16.496: [INFO] RecordSyncInitDuration has_sync_been_enabled: 0 state: 3
2026-09-14 12:27:17.984: [INFO] RecordSyncInitDuration has_sync_been_enabled: 0 state: 3
2026-09-14 12:27:17.985: [INFO] RecordSyncInitDuration has_sync_been_enabled: 0 state: 3
2026-09-14 12:27:17.987: [INFO] RecordSyncInitDuration has_sync_been_enabled: 0 state: 3
2026-09-14 12:27:17.990: [INFO] RecordSyncInitDuration has_sync_been_enabled: 0 state: 3
2026-09-14 12:27:17.991: [INFO] RecordSyncInitDuration has_sync_been_enabled: 0 state: 3
2026-09-14 12:27:17.992: [INFO] RecordSyncInitDuration has_sync_been_enabled: 0 state: 3
2026-09-14 12:27:17.994: [INFO] RecordSyncInitDuration has_sync_been_enabled: 0 state: 5
2026-09-14 12:27:17.995: [INFO] RecordSyncInitDuration has_sync_been_enabled: 0 state: 5
2026-09-14 12:27:18.620: [INFO] RecordSyncInitDuration has_sync_been_enabled: 0 state: 5
2026-09-14 12:27:18.622: [INFO] RecordSyncInitDuration has_sync_been_enabled: 0 state: 5
2026-09-14 12:27:18.925: [INFO] RecordSyncInitDuration has_sync_been_enabled: 0 state: 5
2026-09-14 12:27:19.200: [INFO] RecordSyncInitDuration has_sync_been_enabled: 0 state: 5
2026-09-14 12:27:19.202: [INFO] RecordSyncInitDuration has_sync_been_enabled: 0 state: 6
2026-09-14 12:27:19.203: [INFO] RecordSyncInitDuration has_sync_been_enabled: 0 state: 6
